error[E009]: A prior on 'beta' is declared with '='. Declare it with '~': 'beta ~ maxent(...)'. Found '='
  --> E009_equals_instead_of_tilde.gcn:10:9
     |
   8 |     calibration
   9 |     {
  10 |         beta = maxent(Beta(), lower=0.95, upper=0.999, mass=0.99) = 0.99;
     |         ^ invalid distribution syntax
  11 |     };
  12 | };
     |
   = note: Declare a prior with '~': rho ~ Beta(alpha=2, beta=2);
   = note: Declare a fixed value with '=': rho = 0.9;
