error[E015]: Unknown assumption 'postive'. Found 'postive'
  --> E015_unknown_assumption.gcn:3:5
     |
   1 | # Typo in assumption name
   2 | assumptions {
   3 |     postive {
     |     ^^^^^^^ unknown assumption
   4 |         alpha;
   5 |     };
     |
   = note: Did you mean 'positive'?
   = note: Rename the assumption to one of: positive, negative, nonpositive, nonnegative, real, integer, finite, unit_interval
