error[E024]: Tag '@foc_name' takes a value, as in '@foc_name = "..."'. Found '@foc_name'
  --> E024_foc_tag_without_value.gcn:6:9
     |
   4 |     controls
   5 |     {
   6 |         @foc_name
     |         ^^^^^^^^^ invalid control tag
   7 |         C[];
   8 |     };
     |
   = note: Write the tag as one of: @foc_name = "..."
   = note: Give each tagged control its own entry, ending in a semicolon
