error[V002]: Control variable 'K_t' in block HOUSEHOLD not found in equations
  --> <source>:6:9
     |
  5 |     controls {
  6 |         K[];
              ^^^ undeclared control variable
  7 |     };
  8 |
     |
   = note: Use the control in the objective or a constraint, with the same name and time index as declared
   = note: Remove the control from the controls component
